2025-06-26 02:33:14,848 - semgrep.run_scan - DEBUG - semgrep version 1.4.0
2025-06-26 02:33:14,853 - semgrep.config_resolver - DEBUG - Loading local config from /home/runner/workspace/.config/.semgrep/semgrep_rules.json
2025-06-26 02:33:14,863 - semgrep.config_resolver - DEBUG - Done loading local config from /home/runner/workspace/.config/.semgrep/semgrep_rules.json
2025-06-26 02:33:14,865 - semgrep.config_resolver - DEBUG - Saving rules to /tmp/semgrep-bmlnnfjw.rules
2025-06-26 02:33:15,546 - semgrep.rule_lang - DEBUG - semgrep-core validation response: valid=True
2025-06-26 02:33:15,546 - semgrep.rule_lang - DEBUG - semgrep-core validation succeeded
2025-06-26 02:33:15,546 - semgrep.rule_lang - DEBUG - RPC validation succeeded
2025-06-26 02:33:15,546 - semgrep.config_resolver - DEBUG - loaded 1 configs in 0.6936757564544678
2025-06-26 02:33:15,626 - semgrep.run_scan - VERBOSE - running 714 rules from 1 config /home/runner/workspace/.config/.semgrep/semgrep_rules.json_0
2025-06-26 02:33:15,627 - semgrep.run_scan - VERBOSE - No .semgrepignore found. Using default .semgrepignore rules. See the docs for the list of default ignores: https://semgrep.dev/docs/cli-usage/#ignore-files
2025-06-26 02:33:15,628 - semgrep.run_scan - VERBOSE - Rules:
2025-06-26 02:33:15,628 - semgrep.run_scan - VERBOSE - <SKIPPED DATA (too many entries; use --max-log-list-entries)>
2025-06-26 02:33:16,139 - semgrep.core_runner - DEBUG - Passing whole rules directly to semgrep_core
2025-06-26 02:33:16,337 - semgrep.core_runner - DEBUG - Running Semgrep engine with command:
2025-06-26 02:33:16,337 - semgrep.core_runner - DEBUG - /tmp/_MEISYdCdr/semgrep/bin/opengrep-core -json -rules /tmp/tmpjr4rvwya.json -j 8 -targets /tmp/tmpi26iodq4 -timeout 5 -timeout_threshold 3 -max_memory 0 -fast
2025-06-26 02:33:28,296 - semgrep.core_runner - DEBUG - --- semgrep-core stderr ---
[00.07][[34mINFO[0m]: Executed as: /tmp/_MEISYdCdr/semgrep/bin/opengrep-core -json -rules /tmp/tmpjr4rvwya.json -j 8 -targets /tmp/tmpi26iodq4 -timeout 5 -timeout_threshold 3 -max_memory 0 -fast
[00.07][[34mINFO[0m]: Version: 1.4.0
[00.07][[34mINFO[0m]: Parsing rules in /tmp/tmpjr4rvwya.json
[00.47][[34mINFO[0m]: scan: processing 337 files (skipping 0), with 456 rules (skipping 0 )
[03.77][[33mWARNING[0m]: Fixpoint timeout while performing taint analysis [rule: config..semgrep.vendored-rules.typescript.react.security.audit.react-href-var file: client/src/pages/cart.tsx func: Cart:14224]
[0m[04.03][[33mWARNING[0m]: Fixpoint timeout while performing taint analysis [rule: config..semgrep.vendored-rules.javascript.lang.security.audit.unsafe-formatstring file: client/src/pages/cart.tsx func: Cart:14224]
[0m[04.32][[33mWARNING[0m]: Fixpoint timeout while performing taint analysis [rule: config..semgrep.vendored-rules.javascript.lang.security.audit.detect-non-literal-require file: client/src/pages/cart.tsx func: Cart:14224]
[0m[05.32][[33mWARNING[0m]: Fixpoint timeout while performing taint analysis [rule: config..semgrep.vendored-rules.javascript.lang.security.audit.path-traversal.path-join-resolve-traversal file: server/routes.ts func: registerRoutes:17217]
[0m[05.35][[33mWARNING[0m]: Fixpoint timeout while performing taint analysis [rule: config..semgrep.vendored-rules.javascript.lang.security.audit.detect-non-literal-require file: client/src/components/bitcoin-payment-form.tsx func: BitcoinPaymentForm:19990]
[0m[05.71][[33mWARNING[0m]: Fixpoint timeout while performing taint analysis [rule: config..semgrep.vendored-rules.javascript.lang.security.audit.path-traversal.path-join-resolve-traversal file: server/routes.ts func: registerRoutes:17217]
[0m[05.87][[33mWARNING[0m]: Fixpoint timeout while performing taint analysis [rule: config..semgrep.vendored-rules.javascript.lang.security.audit.path-traversal.path-join-resolve-traversal file: server/routes.ts func: registerRoutes:17217]
[0m[06.21][[33mWARNING[0m]: Fixpoint timeout while performing taint analysis [rule: config..semgrep.vendored-rules.javascript.express.security.injection.tainted-sql-string file: client/src/pages/admin.tsx func: Admin:21800]
[0m[06.46][[33mWARNING[0m]: Fixpoint timeout while performing taint analysis [rule: config..semgrep.vendored-rules.javascript.lang.security.audit.unsafe-formatstring file: server/routes.ts func: registerRoutes:17217]
[0m[06.89][[33mWARNING[0m]: Fixpoint timeout while performing taint analysis [rule: config..semgrep.vendored-rules.javascript.lang.security.audit.detect-non-literal-require file: server/routes.ts func: registerRoutes:17217]
[0m[07.25][[33mWARNING[0m]: Fixpoint timeout while performing taint analysis [rule: config..semgrep.vendored-rules.javascript.express.security.cors-misconfiguration file: client/src/pages/admin.tsx func: Admin:21800]
[0m[07.45][[33mWARNING[0m]: Fixpoint timeout while performing taint analysis [rule: config..semgrep.vendored-rules.javascript.express.security.injection.tainted-sql-string file: server/routes.ts func: registerRoutes:17217]
[0m[07.55][[33mWARNING[0m]: Fixpoint timeout while performing taint analysis [rule: config..semgrep.vendored-rules.javascript.express.security.injection.tainted-sql-string file: server/routes.ts func: registerRoutes:17217]
[0m[07.70][[33mWARNING[0m]: Fixpoint timeout while performing taint analysis [rule: config..semgrep.vendored-rules.javascript.lang.security.audit.unsafe-formatstring file: client/src/pages/cart-new.tsx func: Cart:38947]
[0m[08.10][[33mWARNING[0m]: Fixpoint timeout while performing taint analysis [rule: config..semgrep.vendored-rules.javascript.express.security.injection.tainted-sql-string file: client/src/pages/cart-new.tsx func: Cart:38947]
[0m[08.32][[33mWARNING[0m]: Fixpoint timeout while performing taint analysis [rule: config..semgrep.vendored-rules.javascript.express.security.injection.raw-html-format file: server/routes.ts func: registerRoutes:17217]
[0m[08.47][[33mWARNING[0m]: Fixpoint timeout while performing taint analysis [rule: config..semgrep.vendored-rules.javascript.express.security.injection.raw-html-format file: server/routes.ts func: registerRoutes:17217]
[0m[08.58][[33mWARNING[0m]: Fixpoint timeout while performing taint analysis [rule: config..semgrep.vendored-rules.javascript.express.security.injection.raw-html-format file: server/routes.ts func: registerRoutes:17217]
[0m[08.65][[33mWARNING[0m]: Fixpoint timeout while performing taint analysis [rule: config..semgrep.vendored-rules.javascript.express.security.injection.raw-html-format file: server/routes.ts func: registerRoutes:17217]
[0m[09.25][[33mWARNING[0m]: Fixpoint timeout while performing taint analysis [rule: config..semgrep.vendored-rules.javascript.express.security.audit.xss.direct-response-write file: server/routes.ts func: registerRoutes:17217]
[0m[09.80][[33mWARNING[0m]: Fixpoint timeout while performing taint analysis [rule: config..semgrep.vendored-rules.javascript.express.security.audit.express-path-join-resolve-traversal file: server/routes.ts func: registerRoutes:17217]
[0m[10.40][[33mWARNING[0m]: Fixpoint timeout while performing taint analysis [rule: config..semgrep.vendored-rules.javascript.express.security.x-frame-options-misconfiguration file: server/routes.ts func: registerRoutes:17217]
[0m[10.90][[33mWARNING[0m]: Fixpoint timeout while performing taint analysis [rule: config..semgrep.vendored-rules.javascript.express.security.require-request file: server/routes.ts func: registerRoutes:17217]
[0m[11.40][[33mWARNING[0m]: Fixpoint timeout while performing taint analysis [rule: config..semgrep.vendored-rules.javascript.express.security.cors-misconfiguration file: server/routes.ts func: registerRoutes:17217]
[0m--- end semgrep-core stderr ---
2025-06-26 02:33:28,306 - semgrep.rule_match - DEBUG - match_key = ('', PosixPath('client/index.html'), 'config..semgrep.vendored-rules.html.security.audit.missing-integrity') match_id = 0ee74fd49637bebe183eca7188dbde26e386314e62cc2e7ba1ee60b377b638243fcd84e6c6fa04886198ccacfa6a711bfbcc61a28f9ddc913d5b3c53083cbc90_0
2025-06-26 02:33:28,307 - semgrep.rule_match - DEBUG - match_key = (' type="text/javascript" src="https://replit.com/public/js/replit-dev-banner.js" (?is).*integrity= (google-analytics\\.com|fonts\\.googleapis\\.com|fonts\\.gstatic\\.com|googletagmanager\\.com) .*rel\\s*=\\s*[\'"]?preconnect.* href="... :// ..." href="//..." href=\'... :// ...\' href=\'//...\' src="... :// ..." src="//..." src=\'... :// ...\' src=\'//...\' <link  type="text/javascript" src="https://replit.com/public/js/replit-dev-banner.js" > <script  type="text/javascript" src="https://replit.com/public/js/replit-dev-banner.js" >...</script>', PosixPath('client/index.html'), 'config..semgrep.vendored-rules.html.security.audit.missing-integrity') match_id = 0728b64e224596592d04447ba8a642ff94e1fb9fcc07be26d49dc7e7f6898e638ad16ffcaca086932c58f4c6400fe32603323afef02cf9bfebcb0e4a53562a40_0
2025-06-26 02:33:28,308 - semgrep.rule_match - DEBUG - match_key = (' type="text/javascript" src="https://replit.com/public/js/replit-dev-banner.js" (?is).*integrity= (google-analytics\\.com|fonts\\.googleapis\\.com|fonts\\.gstatic\\.com|googletagmanager\\.com) .*rel\\s*=\\s*[\'"]?preconnect.* href="... :// ..." href="//..." href=\'... :// ...\' href=\'//...\' src="... :// ..." src="//..." src=\'... :// ...\' src=\'//...\' <link  type="text/javascript" src="https://replit.com/public/js/replit-dev-banner.js" > <script  type="text/javascript" src="https://replit.com/public/js/replit-dev-banner.js" >...</script>', PosixPath('client/index.html'), 'config..semgrep.vendored-rules.html.security.audit.missing-integrity') match_id = 0728b64e224596592d04447ba8a642ff94e1fb9fcc07be26d49dc7e7f6898e638ad16ffcaca086932c58f4c6400fe32603323afef02cf9bfebcb0e4a53562a40_0
2025-06-26 02:33:28,309 - semgrep.rule_match - DEBUG - match_key = (' type="text/javascript" src="https://replit.com/public/js/replit-dev-banner.js" (?is).*integrity= (google-analytics\\.com|fonts\\.googleapis\\.com|fonts\\.gstatic\\.com|googletagmanager\\.com) .*rel\\s*=\\s*[\'"]?preconnect.* href="... :// ..." href="//..." href=\'... :// ...\' href=\'//...\' src="... :// ..." src="//..." src=\'... :// ...\' src=\'//...\' <link  type="text/javascript" src="https://replit.com/public/js/replit-dev-banner.js" > <script  type="text/javascript" src="https://replit.com/public/js/replit-dev-banner.js" >...</script>', PosixPath('client/index.html'), 'config..semgrep.vendored-rules.html.security.audit.missing-integrity') match_id = 0728b64e224596592d04447ba8a642ff94e1fb9fcc07be26d49dc7e7f6898e638ad16ffcaca086932c58f4c6400fe32603323afef02cf9bfebcb0e4a53562a40_0
2025-06-26 02:33:28,310 - semgrep.rule_match - DEBUG - match_key = ('', PosixPath('client/src/components/bitcoin-payment-form.tsx'), 'config..semgrep.vendored-rules.javascript.browser.security.js-open-redirect-from-function') match_id = f09cd0ce9679759e85983dced26f031b43b3f9ef169e2d49c09e775a3d5798dd5956b68430457cc3c295e6819300e90325286db498bce055a58ace56a6bb079a_0
2025-06-26 02:33:28,311 - semgrep.rule_match - DEBUG - match_key = ('"..." + $VALUE\n `...${$VALUE}`\n responseData.paymentUrl responseData.paymentUrl location.href = responseData.paymentUrl location.replace(responseData.paymentUrl) this.location.href = responseData.paymentUrl this.location.replace(responseData.paymentUrl) this.window.location.href = responseData.paymentUrl this.window.location.replace(responseData.paymentUrl) window.location.href = responseData.paymentUrl window.location.replace(responseData.paymentUrl) {cartItems cartItems designId designId sizeOptionId sizeOptionId customerInfo customerInfo amount amount onSuccess onSuccess onCancel onCancel}BitcoinPaymentFormProps function ... (..., {cartItems cartItems designId designId sizeOptionId sizeOptionId customerInfo customerInfo amount amount onSuccess onSuccess onCancel onCancel}BitcoinPaymentFormProps, ...) { ... }\n', PosixPath('client/src/components/bitcoin-payment-form.tsx'), 'config..semgrep.vendored-rules.javascript.browser.security.js-open-redirect-from-function') match_id = e01f639f5c2e0c0de0376cc005d2a33e133ad2876df581980a81a9a7ae0ebd18e7e9c709e4c02780614680b96b9bcfb23e530dbda2a34b624692e2e5fe689f63_0
2025-06-26 02:33:28,311 - semgrep.rule_match - DEBUG - match_key = ('"..." + $VALUE\n `...${$VALUE}`\n responseData.paymentUrl responseData.paymentUrl location.href = responseData.paymentUrl location.replace(responseData.paymentUrl) this.location.href = responseData.paymentUrl this.location.replace(responseData.paymentUrl) this.window.location.href = responseData.paymentUrl this.window.location.replace(responseData.paymentUrl) window.location.href = responseData.paymentUrl window.location.replace(responseData.paymentUrl) {cartItems cartItems designId designId sizeOptionId sizeOptionId customerInfo customerInfo amount amount onSuccess onSuccess onCancel onCancel}BitcoinPaymentFormProps function ... (..., {cartItems cartItems designId designId sizeOptionId sizeOptionId customerInfo customerInfo amount amount onSuccess onSuccess onCancel onCancel}BitcoinPaymentFormProps, ...) { ... }\n', PosixPath('client/src/components/bitcoin-payment-form.tsx'), 'config..semgrep.vendored-rules.javascript.browser.security.js-open-redirect-from-function') match_id = e01f639f5c2e0c0de0376cc005d2a33e133ad2876df581980a81a9a7ae0ebd18e7e9c709e4c02780614680b96b9bcfb23e530dbda2a34b624692e2e5fe689f63_0
2025-06-26 02:33:28,312 - semgrep.rule_match - DEBUG - match_key = ('"..." + $VALUE\n `...${$VALUE}`\n responseData.paymentUrl responseData.paymentUrl location.href = responseData.paymentUrl location.replace(responseData.paymentUrl) this.location.href = responseData.paymentUrl this.location.replace(responseData.paymentUrl) this.window.location.href = responseData.paymentUrl this.window.location.replace(responseData.paymentUrl) window.location.href = responseData.paymentUrl window.location.replace(responseData.paymentUrl) {cartItems cartItems designId designId sizeOptionId sizeOptionId customerInfo customerInfo amount amount onSuccess onSuccess onCancel onCancel}BitcoinPaymentFormProps function ... (..., {cartItems cartItems designId designId sizeOptionId sizeOptionId customerInfo customerInfo amount amount onSuccess onSuccess onCancel onCancel}BitcoinPaymentFormProps, ...) { ... }\n', PosixPath('client/src/components/bitcoin-payment-form.tsx'), 'config..semgrep.vendored-rules.javascript.browser.security.js-open-redirect-from-function') match_id = e01f639f5c2e0c0de0376cc005d2a33e133ad2876df581980a81a9a7ae0ebd18e7e9c709e4c02780614680b96b9bcfb23e530dbda2a34b624692e2e5fe689f63_0
2025-06-26 02:33:28,313 - semgrep.rule_match - DEBUG - match_key = ('', PosixPath('server/resend.ts'), 'config..semgrep.vendored-rules.javascript.lang.security.html-in-template-string') match_id = bdb19d23584d07c325b842dc91f4533740db80684a2c85870c09df64a9408d1da4e195854d6b2b0df803e030a04a2233131f49f4051d15c64faf06280c679734_0
2025-06-26 02:33:28,314 - semgrep.rule_match - DEBUG - match_key = ('<p><strong style="color: #00FF88;">Special Instructions:</strong><br/> .*</?[a-zA-Z] `<p><strong style="color: #00FF88;">Special Instructions:</strong><br/>${params.notes}...`\n `...${params.notes}<p><strong style="color: #00FF88;">Special Instructions:</strong><br/>`\n', PosixPath('server/resend.ts'), 'config..semgrep.vendored-rules.javascript.lang.security.html-in-template-string') match_id = 05f9231b123341f67781dbd81c2b433d7adae933eadb8425dc82a2e1589d631c3ada788401cc8700ab2aabd6dee8d47aa80aeb380c4bd70de1b60192d74dc75f_0
2025-06-26 02:33:28,315 - semgrep.rule_match - DEBUG - match_key = ('<p><strong style="color: #00FF88;">Special Instructions:</strong><br/> .*</?[a-zA-Z] `<p><strong style="color: #00FF88;">Special Instructions:</strong><br/>${params.notes}...`\n `...${params.notes}<p><strong style="color: #00FF88;">Special Instructions:</strong><br/>`\n', PosixPath('server/resend.ts'), 'config..semgrep.vendored-rules.javascript.lang.security.html-in-template-string') match_id = 05f9231b123341f67781dbd81c2b433d7adae933eadb8425dc82a2e1589d631c3ada788401cc8700ab2aabd6dee8d47aa80aeb380c4bd70de1b60192d74dc75f_0
2025-06-26 02:33:28,316 - semgrep.rule_match - DEBUG - match_key = ('<p><strong style="color: #00FF88;">Special Instructions:</strong><br/> .*</?[a-zA-Z] `<p><strong style="color: #00FF88;">Special Instructions:</strong><br/>${params.notes}...`\n `...${params.notes}<p><strong style="color: #00FF88;">Special Instructions:</strong><br/>`\n', PosixPath('server/resend.ts'), 'config..semgrep.vendored-rules.javascript.lang.security.html-in-template-string') match_id = 05f9231b123341f67781dbd81c2b433d7adae933eadb8425dc82a2e1589d631c3ada788401cc8700ab2aabd6dee8d47aa80aeb380c4bd70de1b60192d74dc75f_0
2025-06-26 02:33:28,318 - semgrep.rule_match - DEBUG - match_key = ('', PosixPath('server/resend.ts'), 'config..semgrep.vendored-rules.javascript.lang.security.html-in-template-string') match_id = bdb19d23584d07c325b842dc91f4533740db80684a2c85870c09df64a9408d1da4e195854d6b2b0df803e030a04a2233131f49f4051d15c64faf06280c679734_0
2025-06-26 02:33:28,319 - semgrep.rule_match - DEBUG - match_key = ('</p>\n            </div>\n\n            <div style="text-align: center; margin-top: 30px; padding-top: 20px; border-top: 1px solid #00FF88;">\n              <p style="color: #666666; font-size: 12px;">\n                BTC Glass <br/>\n              </p>\n            </div>\n          </div>\n        </div>\n       .*</?[a-zA-Z] `</p>\n            </div>\n\n            <div style="text-align: center; margin-top: 30px; padding-top: 20px; border-top: 1px solid #00FF88;">\n              <p style="color: #666666; font-size: 12px;">\n                BTC Glass <br/>\n              </p>\n            </div>\n          </div>\n        </div>\n      ${params.orderId.toString().padStart(6\'0\')}...`\n `...${params.orderId.toString().padStart(6\'0\')}</p>\n            </div>\n\n            <div style="text-align: center; margin-top: 30px; padding-top: 20px; border-top: 1px solid #00FF88;">\n              <p style="color: #666666; font-size: 12px;">\n                BTC Glass <br/>\n              </p>\n            </div>\n          </div>\n        </div>\n      `\n', PosixPath('server/resend.ts'), 'config..semgrep.vendored-rules.javascript.lang.security.html-in-template-string') match_id = fd58deb07c329a492bc6a73b984d0c334aae8472b46d0d69dbdf8040f91b98c3436407fa38cdfdbe92c881684fb5ffc469ad93c526c54046463cbb752a8f34dc_0
2025-06-26 02:33:28,321 - semgrep.rule_match - DEBUG - match_key = ('</p>\n            </div>\n\n            <div style="text-align: center; margin-top: 30px; padding-top: 20px; border-top: 1px solid #00FF88;">\n              <p style="color: #666666; font-size: 12px;">\n                BTC Glass <br/>\n              </p>\n            </div>\n          </div>\n        </div>\n       .*</?[a-zA-Z] `</p>\n            </div>\n\n            <div style="text-align: center; margin-top: 30px; padding-top: 20px; border-top: 1px solid #00FF88;">\n              <p style="color: #666666; font-size: 12px;">\n                BTC Glass <br/>\n              </p>\n            </div>\n          </div>\n        </div>\n      ${params.orderId.toString().padStart(6\'0\')}...`\n `...${params.orderId.toString().padStart(6\'0\')}</p>\n            </div>\n\n            <div style="text-align: center; margin-top: 30px; padding-top: 20px; border-top: 1px solid #00FF88;">\n              <p style="color: #666666; font-size: 12px;">\n                BTC Glass <br/>\n              </p>\n            </div>\n          </div>\n        </div>\n      `\n', PosixPath('server/resend.ts'), 'config..semgrep.vendored-rules.javascript.lang.security.html-in-template-string') match_id = fd58deb07c329a492bc6a73b984d0c334aae8472b46d0d69dbdf8040f91b98c3436407fa38cdfdbe92c881684fb5ffc469ad93c526c54046463cbb752a8f34dc_0
2025-06-26 02:33:28,323 - semgrep.rule_match - DEBUG - match_key = ('</p>\n            </div>\n\n            <div style="text-align: center; margin-top: 30px; padding-top: 20px; border-top: 1px solid #00FF88;">\n              <p style="color: #666666; font-size: 12px;">\n                BTC Glass <br/>\n              </p>\n            </div>\n          </div>\n        </div>\n       .*</?[a-zA-Z] `</p>\n            </div>\n\n            <div style="text-align: center; margin-top: 30px; padding-top: 20px; border-top: 1px solid #00FF88;">\n              <p style="color: #666666; font-size: 12px;">\n                BTC Glass <br/>\n              </p>\n            </div>\n          </div>\n        </div>\n      ${params.orderId.toString().padStart(6\'0\')}...`\n `...${params.orderId.toString().padStart(6\'0\')}</p>\n            </div>\n\n            <div style="text-align: center; margin-top: 30px; padding-top: 20px; border-top: 1px solid #00FF88;">\n              <p style="color: #666666; font-size: 12px;">\n                BTC Glass <br/>\n              </p>\n            </div>\n          </div>\n        </div>\n      `\n', PosixPath('server/resend.ts'), 'config..semgrep.vendored-rules.javascript.lang.security.html-in-template-string') match_id = fd58deb07c329a492bc6a73b984d0c334aae8472b46d0d69dbdf8040f91b98c3436407fa38cdfdbe92c881684fb5ffc469ad93c526c54046463cbb752a8f34dc_0
2025-06-26 02:33:28,324 - semgrep.rule_match - DEBUG - match_key = ('', PosixPath('server/resend.ts'), 'config..semgrep.vendored-rules.javascript.lang.security.html-in-template-string') match_id = bdb19d23584d07c325b842dc91f4533740db80684a2c85870c09df64a9408d1da4e195854d6b2b0df803e030a04a2233131f49f4051d15c64faf06280c679734_0
2025-06-26 02:33:28,324 - semgrep.rule_match - DEBUG - match_key = ('<p><strong style="color: #00FF88;">Your Instructions:</strong><br/> .*</?[a-zA-Z] `<p><strong style="color: #00FF88;">Your Instructions:</strong><br/>${params.notes}...`\n `...${params.notes}<p><strong style="color: #00FF88;">Your Instructions:</strong><br/>`\n', PosixPath('server/resend.ts'), 'config..semgrep.vendored-rules.javascript.lang.security.html-in-template-string') match_id = 4a54f76d8d9410c412b8f46e266d397ad3426eaa7031c9097a842bab6f72232c55d33c6635b83573f1bddf299a3575699ee48ce8f89ca05109a113a9f2a29f5c_0
2025-06-26 02:33:28,325 - semgrep.rule_match - DEBUG - match_key = ('<p><strong style="color: #00FF88;">Your Instructions:</strong><br/> .*</?[a-zA-Z] `<p><strong style="color: #00FF88;">Your Instructions:</strong><br/>${params.notes}...`\n `...${params.notes}<p><strong style="color: #00FF88;">Your Instructions:</strong><br/>`\n', PosixPath('server/resend.ts'), 'config..semgrep.vendored-rules.javascript.lang.security.html-in-template-string') match_id = 4a54f76d8d9410c412b8f46e266d397ad3426eaa7031c9097a842bab6f72232c55d33c6635b83573f1bddf299a3575699ee48ce8f89ca05109a113a9f2a29f5c_0
2025-06-26 02:33:28,326 - semgrep.rule_match - DEBUG - match_key = ('<p><strong style="color: #00FF88;">Your Instructions:</strong><br/> .*</?[a-zA-Z] `<p><strong style="color: #00FF88;">Your Instructions:</strong><br/>${params.notes}...`\n `...${params.notes}<p><strong style="color: #00FF88;">Your Instructions:</strong><br/>`\n', PosixPath('server/resend.ts'), 'config..semgrep.vendored-rules.javascript.lang.security.html-in-template-string') match_id = 4a54f76d8d9410c412b8f46e266d397ad3426eaa7031c9097a842bab6f72232c55d33c6635b83573f1bddf299a3575699ee48ce8f89ca05109a113a9f2a29f5c_0
2025-06-26 02:33:28,327 - semgrep.rule_match - DEBUG - match_key = ('', PosixPath('server/usps-rates.ts'), 'config..semgrep.vendored-rules.javascript.lang.security.audit.unsafe-formatstring') match_id = 8a3e6500c063af889f66dd4628b485c9a22fa5b551e8c25e503e4fd529c2b1b7908f7218a4fc86155846d03229aec0d1b9e997fad069dcabfb2f2294f1064eea_0
2025-06-26 02:33:28,327 - semgrep.rule_match - DEBUG - match_key = ('"..." + "..."\n $X + $Y $X.concat($Y) `...${...}...`\n $X.concat("...")\n ``USPS rate request for mailClass:` $UTIL = require(\'util\')\n...\n $UTIL.format(``USPS rate request for mailClass:`,requestBody,...)\n console.log(``USPS rate request for mailClass:`,requestBody,...)\n', PosixPath('server/usps-rates.ts'), 'config..semgrep.vendored-rules.javascript.lang.security.audit.unsafe-formatstring') match_id = 8f01d85ebd33dd69f2268e3cfdcd7dadbaa5b5c2c355e6ceb6b07fc489924bd66b4b849c4137c11a4a72ce59b0f154711d3c7de77e79987fd855e65dba402593_0
2025-06-26 02:33:28,328 - semgrep.rule_match - DEBUG - match_key = ('"..." + "..."\n $X + $Y $X.concat($Y) `...${...}...`\n $X.concat("...")\n ``USPS rate request for mailClass:` $UTIL = require(\'util\')\n...\n $UTIL.format(``USPS rate request for mailClass:`,requestBody,...)\n console.log(``USPS rate request for mailClass:`,requestBody,...)\n', PosixPath('server/usps-rates.ts'), 'config..semgrep.vendored-rules.javascript.lang.security.audit.unsafe-formatstring') match_id = 8f01d85ebd33dd69f2268e3cfdcd7dadbaa5b5c2c355e6ceb6b07fc489924bd66b4b849c4137c11a4a72ce59b0f154711d3c7de77e79987fd855e65dba402593_0
2025-06-26 02:33:28,329 - semgrep.rule_match - DEBUG - match_key = ('"..." + "..."\n $X + $Y $X.concat($Y) `...${...}...`\n $X.concat("...")\n ``USPS rate request for mailClass:` $UTIL = require(\'util\')\n...\n $UTIL.format(``USPS rate request for mailClass:`,requestBody,...)\n console.log(``USPS rate request for mailClass:`,requestBody,...)\n', PosixPath('server/usps-rates.ts'), 'config..semgrep.vendored-rules.javascript.lang.security.audit.unsafe-formatstring') match_id = 8f01d85ebd33dd69f2268e3cfdcd7dadbaa5b5c2c355e6ceb6b07fc489924bd66b4b849c4137c11a4a72ce59b0f154711d3c7de77e79987fd855e65dba402593_0
2025-06-26 02:33:28,329 - semgrep.rule_match - DEBUG - match_key = ('', PosixPath('server/usps-rates.ts'), 'config..semgrep.vendored-rules.javascript.lang.security.audit.unsafe-formatstring') match_id = 8a3e6500c063af889f66dd4628b485c9a22fa5b551e8c25e503e4fd529c2b1b7908f7218a4fc86155846d03229aec0d1b9e997fad069dcabfb2f2294f1064eea_0
2025-06-26 02:33:28,330 - semgrep.rule_match - DEBUG - match_key = ('"..." + "..."\n $X + $Y $X.concat($Y) `...${...}...`\n $X.concat("...")\n ``USPS rate request failed for mailClass:` $UTIL = require(\'util\')\n...\n $UTIL.format(``USPS rate request failed for mailClass:`,response.status,...)\n console.error(``USPS rate request failed for mailClass:`,response.status,...)\n', PosixPath('server/usps-rates.ts'), 'config..semgrep.vendored-rules.javascript.lang.security.audit.unsafe-formatstring') match_id = e325166672e2ebd08bc8f39a29902b106f9177b8888c6576dbc8cdfddf773905901241ab978bc461bec8671312e58c2fc6411e1994eee8d897d38f93921e8bef_0
2025-06-26 02:33:28,331 - semgrep.rule_match - DEBUG - match_key = ('"..." + "..."\n $X + $Y $X.concat($Y) `...${...}...`\n $X.concat("...")\n ``USPS rate request failed for mailClass:` $UTIL = require(\'util\')\n...\n $UTIL.format(``USPS rate request failed for mailClass:`,response.status,...)\n console.error(``USPS rate request failed for mailClass:`,response.status,...)\n', PosixPath('server/usps-rates.ts'), 'config..semgrep.vendored-rules.javascript.lang.security.audit.unsafe-formatstring') match_id = e325166672e2ebd08bc8f39a29902b106f9177b8888c6576dbc8cdfddf773905901241ab978bc461bec8671312e58c2fc6411e1994eee8d897d38f93921e8bef_0
2025-06-26 02:33:28,331 - semgrep.rule_match - DEBUG - match_key = ('"..." + "..."\n $X + $Y $X.concat($Y) `...${...}...`\n $X.concat("...")\n ``USPS rate request failed for mailClass:` $UTIL = require(\'util\')\n...\n $UTIL.format(``USPS rate request failed for mailClass:`,response.status,...)\n console.error(``USPS rate request failed for mailClass:`,response.status,...)\n', PosixPath('server/usps-rates.ts'), 'config..semgrep.vendored-rules.javascript.lang.security.audit.unsafe-formatstring') match_id = e325166672e2ebd08bc8f39a29902b106f9177b8888c6576dbc8cdfddf773905901241ab978bc461bec8671312e58c2fc6411e1994eee8d897d38f93921e8bef_0
2025-06-26 02:33:28,332 - semgrep.rule_match - DEBUG - match_key = ('', PosixPath('server/usps-rates.ts'), 'config..semgrep.vendored-rules.javascript.lang.security.audit.unsafe-formatstring') match_id = 8a3e6500c063af889f66dd4628b485c9a22fa5b551e8c25e503e4fd529c2b1b7908f7218a4fc86155846d03229aec0d1b9e997fad069dcabfb2f2294f1064eea_0
2025-06-26 02:33:28,333 - semgrep.rule_match - DEBUG - match_key = ('"..." + "..."\n $X + $Y $X.concat($Y) `...${...}...`\n $X.concat("...")\n ``USPS rate response for mailClass:` $UTIL = require(\'util\')\n...\n $UTIL.format(``USPS rate response for mailClass:`,rateData,...)\n console.log(``USPS rate response for mailClass:`,rateData,...)\n', PosixPath('server/usps-rates.ts'), 'config..semgrep.vendored-rules.javascript.lang.security.audit.unsafe-formatstring') match_id = 922470f81a2a60ed6d7915693c3b8acfb63c1aa86f8cdc361a3abc597f92c2aea961aa1c1243a027e6567285ac10a335f123b317a3f04171ca56f623fba0d167_0
2025-06-26 02:33:28,333 - semgrep.rule_match - DEBUG - match_key = ('"..." + "..."\n $X + $Y $X.concat($Y) `...${...}...`\n $X.concat("...")\n ``USPS rate response for mailClass:` $UTIL = require(\'util\')\n...\n $UTIL.format(``USPS rate response for mailClass:`,rateData,...)\n console.log(``USPS rate response for mailClass:`,rateData,...)\n', PosixPath('server/usps-rates.ts'), 'config..semgrep.vendored-rules.javascript.lang.security.audit.unsafe-formatstring') match_id = 922470f81a2a60ed6d7915693c3b8acfb63c1aa86f8cdc361a3abc597f92c2aea961aa1c1243a027e6567285ac10a335f123b317a3f04171ca56f623fba0d167_0
2025-06-26 02:33:28,334 - semgrep.rule_match - DEBUG - match_key = ('"..." + "..."\n $X + $Y $X.concat($Y) `...${...}...`\n $X.concat("...")\n ``USPS rate response for mailClass:` $UTIL = require(\'util\')\n...\n $UTIL.format(``USPS rate response for mailClass:`,rateData,...)\n console.log(``USPS rate response for mailClass:`,rateData,...)\n', PosixPath('server/usps-rates.ts'), 'config..semgrep.vendored-rules.javascript.lang.security.audit.unsafe-formatstring') match_id = 922470f81a2a60ed6d7915693c3b8acfb63c1aa86f8cdc361a3abc597f92c2aea961aa1c1243a027e6567285ac10a335f123b317a3f04171ca56f623fba0d167_0
2025-06-26 02:33:28,335 - semgrep.rule_match - DEBUG - match_key = ('', PosixPath('server/usps-rates.ts'), 'config..semgrep.vendored-rules.javascript.lang.security.audit.unsafe-formatstring') match_id = 8a3e6500c063af889f66dd4628b485c9a22fa5b551e8c25e503e4fd529c2b1b7908f7218a4fc86155846d03229aec0d1b9e997fad069dcabfb2f2294f1064eea_0
2025-06-26 02:33:28,335 - semgrep.rule_match - DEBUG - match_key = ('"..." + "..."\n $X + $Y $X.concat($Y) `...${...}...`\n $X.concat("...")\n ``Error getting mailClass rate:` $UTIL = require(\'util\')\n...\n $UTIL.format(``Error getting mailClass rate:`,error,...)\n console.error(``Error getting mailClass rate:`,error,...)\n', PosixPath('server/usps-rates.ts'), 'config..semgrep.vendored-rules.javascript.lang.security.audit.unsafe-formatstring') match_id = 8d5987c0c4e007a9b16e870ccfbcfa51d30c3cf6807d1ad8a99b5f3006a4f16e536178d5f8245a11b9c0bac20ca41e937af7f393449da0516ce136975a4fdf2e_0
2025-06-26 02:33:28,336 - semgrep.rule_match - DEBUG - match_key = ('"..." + "..."\n $X + $Y $X.concat($Y) `...${...}...`\n $X.concat("...")\n ``Error getting mailClass rate:` $UTIL = require(\'util\')\n...\n $UTIL.format(``Error getting mailClass rate:`,error,...)\n console.error(``Error getting mailClass rate:`,error,...)\n', PosixPath('server/usps-rates.ts'), 'config..semgrep.vendored-rules.javascript.lang.security.audit.unsafe-formatstring') match_id = 8d5987c0c4e007a9b16e870ccfbcfa51d30c3cf6807d1ad8a99b5f3006a4f16e536178d5f8245a11b9c0bac20ca41e937af7f393449da0516ce136975a4fdf2e_0
2025-06-26 02:33:28,337 - semgrep.rule_match - DEBUG - match_key = ('"..." + "..."\n $X + $Y $X.concat($Y) `...${...}...`\n $X.concat("...")\n ``Error getting mailClass rate:` $UTIL = require(\'util\')\n...\n $UTIL.format(``Error getting mailClass rate:`,error,...)\n console.error(``Error getting mailClass rate:`,error,...)\n', PosixPath('server/usps-rates.ts'), 'config..semgrep.vendored-rules.javascript.lang.security.audit.unsafe-formatstring') match_id = 8d5987c0c4e007a9b16e870ccfbcfa51d30c3cf6807d1ad8a99b5f3006a4f16e536178d5f8245a11b9c0bac20ca41e937af7f393449da0516ce136975a4fdf2e_0
2025-06-26 02:33:28,340 - semgrep.core_runner - DEBUG - semgrep ran in 0:00:12.200723 on 120 files
2025-06-26 02:33:28,341 - semgrep.core_runner - DEBUG - findings summary: 4 warning, 0 error, 5 info
2025-06-26 02:33:28,347 - semgrep.app.auth - DEBUG - Getting API token from settings file
2025-06-26 02:33:28,348 - semgrep.app.auth - DEBUG - No API token found in settings file
2025-06-26 02:33:28,472 - semgrep.output - VERBOSE - 
========================================
Files skipped:
========================================

  Always skipped by Opengrep:

   • <none>

  Skipped by .gitignore:
  (Disable by passing --no-git-ignore)

   • <all files not listed by `git ls-files` were skipped>

  Skipped by .semgrepignore:
  - https://semgrep.dev/docs/ignoring-files-folders-code/#understand-semgrep-defaults

   • <none>

  Skipped by --include patterns:

   • <none>

  Skipped by --exclude patterns:

   • <none>

  Files skipped due to insufficient read permissions:

   • <none>

  Skipped by limiting to files smaller than 1000000 bytes:
  (Adjust with the --max-target-bytes flag)

   • uploads/0a17f4a04f4fd39b42affd791924ee4f
   • uploads/0dacbe8498a20808b1740227e9e9b325
   • uploads/0ddd4e3a4e788f4a7ffe831818fa6109
   • uploads/24bc7378f2e79138a0333fa870818f19
   • uploads/309d09eb2aa629090485a4c54370feea
   • uploads/3bc4d8e68f0b9a497328412e01a70a62
   • uploads/3bc6248bc85aabd5899a369a00846b1a
   • uploads/3f1d66f2d063087aa497820c89622328
   • uploads/4220d9c0c24483bc580a5b875012a9de
   • uploads/570b0aa9a8bb40360c9522ab34e2192d
   • uploads/5e78476004f2a5c15779e08444bae406
   • uploads/61265674e75722648162d6cb104b187c
   • uploads/7154a467a13cc638958b73e5d3b23b04
   • uploads/97655617bac4e383fd98388bc3e4f181
   • uploads/980518fb06f6448026f93c00c49e0b03
   • uploads/a4ffb1b7b95759b11f7e9beea59050a1
   • uploads/aed6c5ffce63ae91755061bb1787e883
   • uploads/b615984f1c79b3fe34e0382f1b81fa75
   • uploads/b7818eaaf942efb513c0a1c34540b674
   • uploads/c27c87cb6d2130ec489ee7d9fafc3807
   • uploads/c2db33e6d480ceac32da0ccb5e58082a
   • uploads/ce8e0dbdecb4a3f36f5596ebd1582f93
   • uploads/d0fc473583470bd9526c037685aabbc9
   • uploads/f039a891bd0695651d60ff4379d2623c
   • uploads/fdc09abe7a071b537967c084640337c9

  Partially analyzed due to parsing or internal Opengrep errors

   • tailwind.config.ts (1 lines skipped)

2025-06-26 02:33:28,474 - semgrep.output - INFO - Some files were skipped or only partially analyzed.
  Scan was limited to files tracked by git.
  Partially scanned: 1 files only partially analyzed due to parsing or internal Opengrep errors
  Scan skipped: 25 files larger than 1.0 MB
  For a full list of skipped files, run opengrep with the --verbose flag.

Ran 437 rules on 120 files: 9 findings.
2025-06-26 02:33:28,474 - semgrep.app.version - DEBUG - Version cache does not exist
2025-06-26 02:33:28,492 - semgrep.metrics - VERBOSE - Not sending pseudonymous metrics since metrics are configured to OFF and registry usage is False
